ARM GAS  C:\Users\Kiwi\AppData\Local\Temp\ccfiJOdX.s 			page 1


   1              		.syntax unified
   2              		.cpu cortex-m3
   3              		.fpu softvfp
   4              		.eabi_attribute 20, 1
   5              		.eabi_attribute 21, 1
   6              		.eabi_attribute 23, 3
   7              		.eabi_attribute 24, 1
   8              		.eabi_attribute 25, 1
   9              		.eabi_attribute 26, 1
  10              		.eabi_attribute 30, 4
  11              		.eabi_attribute 34, 1
  12              		.eabi_attribute 18, 4
  13              		.thumb
  14              		.syntax unified
  15              		.file	"RCM.c"
  16              		.text
  17              	.Ltext0:
  18              		.cfi_sections	.debug_frame
  19              		.section	.text.RCM_Read,"ax",%progbits
  20              		.align	1
  21              		.global	RCM_Read
  22              		.thumb
  23              		.thumb_func
  24              		.type	RCM_Read, %function
  25              	RCM_Read:
  26              	.LFB0:
  27              		.file 1 "Generated_Source\\PSoC5\\RCM.c"
   1:Generated_Source\PSoC5/RCM.c **** /*******************************************************************************
   2:Generated_Source\PSoC5/RCM.c **** * File Name: RCM.c  
   3:Generated_Source\PSoC5/RCM.c **** * Version 1.90
   4:Generated_Source\PSoC5/RCM.c **** *
   5:Generated_Source\PSoC5/RCM.c **** * Description:
   6:Generated_Source\PSoC5/RCM.c **** *  This file contains API to enable firmware to read the value of a Status 
   7:Generated_Source\PSoC5/RCM.c **** *  Register.
   8:Generated_Source\PSoC5/RCM.c **** *
   9:Generated_Source\PSoC5/RCM.c **** * Note:
  10:Generated_Source\PSoC5/RCM.c **** *
  11:Generated_Source\PSoC5/RCM.c **** ********************************************************************************
  12:Generated_Source\PSoC5/RCM.c **** * Copyright 2008-2015, Cypress Semiconductor Corporation.  All rights reserved.
  13:Generated_Source\PSoC5/RCM.c **** * You may use this file only in accordance with the license, terms, conditions, 
  14:Generated_Source\PSoC5/RCM.c **** * disclaimers, and limitations in the end user license agreement accompanying 
  15:Generated_Source\PSoC5/RCM.c **** * the software package with which this file was provided.
  16:Generated_Source\PSoC5/RCM.c **** *******************************************************************************/
  17:Generated_Source\PSoC5/RCM.c **** 
  18:Generated_Source\PSoC5/RCM.c **** #include "RCM.h"
  19:Generated_Source\PSoC5/RCM.c **** 
  20:Generated_Source\PSoC5/RCM.c **** #if !defined(RCM_sts_sts_reg__REMOVED) /* Check for removal by optimization */
  21:Generated_Source\PSoC5/RCM.c **** 
  22:Generated_Source\PSoC5/RCM.c **** 
  23:Generated_Source\PSoC5/RCM.c **** /*******************************************************************************
  24:Generated_Source\PSoC5/RCM.c **** * Function Name: RCM_Read
  25:Generated_Source\PSoC5/RCM.c **** ********************************************************************************
  26:Generated_Source\PSoC5/RCM.c **** *
  27:Generated_Source\PSoC5/RCM.c **** * Summary:
  28:Generated_Source\PSoC5/RCM.c **** *  Reads the current value assigned to the Status Register.
  29:Generated_Source\PSoC5/RCM.c **** *
  30:Generated_Source\PSoC5/RCM.c **** * Parameters:
ARM GAS  C:\Users\Kiwi\AppData\Local\Temp\ccfiJOdX.s 			page 2


  31:Generated_Source\PSoC5/RCM.c **** *  None.
  32:Generated_Source\PSoC5/RCM.c **** *
  33:Generated_Source\PSoC5/RCM.c **** * Return:
  34:Generated_Source\PSoC5/RCM.c **** *  The current value in the Status Register.
  35:Generated_Source\PSoC5/RCM.c **** *
  36:Generated_Source\PSoC5/RCM.c **** *******************************************************************************/
  37:Generated_Source\PSoC5/RCM.c **** uint8 RCM_Read(void) 
  38:Generated_Source\PSoC5/RCM.c **** { 
  28              		.loc 1 38 0
  29              		.cfi_startproc
  30              		@ args = 0, pretend = 0, frame = 0
  31              		@ frame_needed = 0, uses_anonymous_args = 0
  32              		@ link register save eliminated.
  39:Generated_Source\PSoC5/RCM.c ****     return RCM_Status;
  33              		.loc 1 39 0
  34 0000 014B     		ldr	r3, .L2
  35 0002 1878     		ldrb	r0, [r3]	@ zero_extendqisi2
  40:Generated_Source\PSoC5/RCM.c **** }
  36              		.loc 1 40 0
  37 0004 7047     		bx	lr
  38              	.L3:
  39 0006 00BF     		.align	2
  40              	.L2:
  41 0008 6B640040 		.word	1073767531
  42              		.cfi_endproc
  43              	.LFE0:
  44              		.size	RCM_Read, .-RCM_Read
  45              		.section	.text.RCM_InterruptEnable,"ax",%progbits
  46              		.align	1
  47              		.global	RCM_InterruptEnable
  48              		.thumb
  49              		.thumb_func
  50              		.type	RCM_InterruptEnable, %function
  51              	RCM_InterruptEnable:
  52              	.LFB1:
  41:Generated_Source\PSoC5/RCM.c **** 
  42:Generated_Source\PSoC5/RCM.c **** 
  43:Generated_Source\PSoC5/RCM.c **** /*******************************************************************************
  44:Generated_Source\PSoC5/RCM.c **** * Function Name: RCM_InterruptEnable
  45:Generated_Source\PSoC5/RCM.c **** ********************************************************************************
  46:Generated_Source\PSoC5/RCM.c **** *
  47:Generated_Source\PSoC5/RCM.c **** * Summary:
  48:Generated_Source\PSoC5/RCM.c **** *  Enables the Status Register interrupt.
  49:Generated_Source\PSoC5/RCM.c **** *
  50:Generated_Source\PSoC5/RCM.c **** * Parameters:
  51:Generated_Source\PSoC5/RCM.c **** *  None.
  52:Generated_Source\PSoC5/RCM.c **** *
  53:Generated_Source\PSoC5/RCM.c **** * Return:
  54:Generated_Source\PSoC5/RCM.c **** *  None.
  55:Generated_Source\PSoC5/RCM.c **** *
  56:Generated_Source\PSoC5/RCM.c **** *******************************************************************************/
  57:Generated_Source\PSoC5/RCM.c **** void RCM_InterruptEnable(void) 
  58:Generated_Source\PSoC5/RCM.c **** {
  53              		.loc 1 58 0
  54              		.cfi_startproc
  55              		@ args = 0, pretend = 0, frame = 0
  56              		@ frame_needed = 0, uses_anonymous_args = 0
ARM GAS  C:\Users\Kiwi\AppData\Local\Temp\ccfiJOdX.s 			page 3


  57 0000 08B5     		push	{r3, lr}
  58              		.cfi_def_cfa_offset 8
  59              		.cfi_offset 3, -8
  60              		.cfi_offset 14, -4
  59:Generated_Source\PSoC5/RCM.c ****     uint8 interruptState;
  60:Generated_Source\PSoC5/RCM.c ****     interruptState = CyEnterCriticalSection();
  61              		.loc 1 60 0
  62 0002 FFF7FEFF 		bl	CyEnterCriticalSection
  63              	.LVL0:
  61:Generated_Source\PSoC5/RCM.c ****     RCM_Status_Aux_Ctrl |= RCM_STATUS_INTR_ENBL;
  64              		.loc 1 61 0
  65 0006 044A     		ldr	r2, .L5
  66 0008 1378     		ldrb	r3, [r2]	@ zero_extendqisi2
  67 000a 43F01003 		orr	r3, r3, #16
  68 000e 1370     		strb	r3, [r2]
  62:Generated_Source\PSoC5/RCM.c ****     CyExitCriticalSection(interruptState);
  63:Generated_Source\PSoC5/RCM.c **** }
  69              		.loc 1 63 0
  70 0010 BDE80840 		pop	{r3, lr}
  71              		.cfi_restore 14
  72              		.cfi_restore 3
  73              		.cfi_def_cfa_offset 0
  62:Generated_Source\PSoC5/RCM.c ****     CyExitCriticalSection(interruptState);
  74              		.loc 1 62 0
  75 0014 FFF7FEBF 		b	CyExitCriticalSection
  76              	.LVL1:
  77              	.L6:
  78              		.align	2
  79              	.L5:
  80 0018 9B640040 		.word	1073767579
  81              		.cfi_endproc
  82              	.LFE1:
  83              		.size	RCM_InterruptEnable, .-RCM_InterruptEnable
  84              		.section	.text.RCM_InterruptDisable,"ax",%progbits
  85              		.align	1
  86              		.global	RCM_InterruptDisable
  87              		.thumb
  88              		.thumb_func
  89              		.type	RCM_InterruptDisable, %function
  90              	RCM_InterruptDisable:
  91              	.LFB2:
  64:Generated_Source\PSoC5/RCM.c **** 
  65:Generated_Source\PSoC5/RCM.c **** 
  66:Generated_Source\PSoC5/RCM.c **** /*******************************************************************************
  67:Generated_Source\PSoC5/RCM.c **** * Function Name: RCM_InterruptDisable
  68:Generated_Source\PSoC5/RCM.c **** ********************************************************************************
  69:Generated_Source\PSoC5/RCM.c **** *
  70:Generated_Source\PSoC5/RCM.c **** * Summary:
  71:Generated_Source\PSoC5/RCM.c **** *  Disables the Status Register interrupt.
  72:Generated_Source\PSoC5/RCM.c **** *
  73:Generated_Source\PSoC5/RCM.c **** * Parameters:
  74:Generated_Source\PSoC5/RCM.c **** *  None.
  75:Generated_Source\PSoC5/RCM.c **** *
  76:Generated_Source\PSoC5/RCM.c **** * Return:
  77:Generated_Source\PSoC5/RCM.c **** *  None.
  78:Generated_Source\PSoC5/RCM.c **** *
  79:Generated_Source\PSoC5/RCM.c **** *******************************************************************************/
ARM GAS  C:\Users\Kiwi\AppData\Local\Temp\ccfiJOdX.s 			page 4


  80:Generated_Source\PSoC5/RCM.c **** void RCM_InterruptDisable(void) 
  81:Generated_Source\PSoC5/RCM.c **** {
  92              		.loc 1 81 0
  93              		.cfi_startproc
  94              		@ args = 0, pretend = 0, frame = 0
  95              		@ frame_needed = 0, uses_anonymous_args = 0
  96 0000 08B5     		push	{r3, lr}
  97              		.cfi_def_cfa_offset 8
  98              		.cfi_offset 3, -8
  99              		.cfi_offset 14, -4
  82:Generated_Source\PSoC5/RCM.c ****     uint8 interruptState;
  83:Generated_Source\PSoC5/RCM.c ****     interruptState = CyEnterCriticalSection();
 100              		.loc 1 83 0
 101 0002 FFF7FEFF 		bl	CyEnterCriticalSection
 102              	.LVL2:
  84:Generated_Source\PSoC5/RCM.c ****     RCM_Status_Aux_Ctrl &= (uint8)(~RCM_STATUS_INTR_ENBL);
 103              		.loc 1 84 0
 104 0006 044A     		ldr	r2, .L8
 105 0008 1378     		ldrb	r3, [r2]	@ zero_extendqisi2
 106 000a 03F0EF03 		and	r3, r3, #239
 107 000e 1370     		strb	r3, [r2]
  85:Generated_Source\PSoC5/RCM.c ****     CyExitCriticalSection(interruptState);
  86:Generated_Source\PSoC5/RCM.c **** }
 108              		.loc 1 86 0
 109 0010 BDE80840 		pop	{r3, lr}
 110              		.cfi_restore 14
 111              		.cfi_restore 3
 112              		.cfi_def_cfa_offset 0
  85:Generated_Source\PSoC5/RCM.c ****     CyExitCriticalSection(interruptState);
 113              		.loc 1 85 0
 114 0014 FFF7FEBF 		b	CyExitCriticalSection
 115              	.LVL3:
 116              	.L9:
 117              		.align	2
 118              	.L8:
 119 0018 9B640040 		.word	1073767579
 120              		.cfi_endproc
 121              	.LFE2:
 122              		.size	RCM_InterruptDisable, .-RCM_InterruptDisable
 123              		.section	.text.RCM_WriteMask,"ax",%progbits
 124              		.align	1
 125              		.global	RCM_WriteMask
 126              		.thumb
 127              		.thumb_func
 128              		.type	RCM_WriteMask, %function
 129              	RCM_WriteMask:
 130              	.LFB3:
  87:Generated_Source\PSoC5/RCM.c **** 
  88:Generated_Source\PSoC5/RCM.c **** 
  89:Generated_Source\PSoC5/RCM.c **** /*******************************************************************************
  90:Generated_Source\PSoC5/RCM.c **** * Function Name: RCM_WriteMask
  91:Generated_Source\PSoC5/RCM.c **** ********************************************************************************
  92:Generated_Source\PSoC5/RCM.c **** *
  93:Generated_Source\PSoC5/RCM.c **** * Summary:
  94:Generated_Source\PSoC5/RCM.c **** *  Writes the current mask value assigned to the Status Register.
  95:Generated_Source\PSoC5/RCM.c **** *
  96:Generated_Source\PSoC5/RCM.c **** * Parameters:
ARM GAS  C:\Users\Kiwi\AppData\Local\Temp\ccfiJOdX.s 			page 5


  97:Generated_Source\PSoC5/RCM.c **** *  mask:  Value to write into the mask register.
  98:Generated_Source\PSoC5/RCM.c **** *
  99:Generated_Source\PSoC5/RCM.c **** * Return:
 100:Generated_Source\PSoC5/RCM.c **** *  None.
 101:Generated_Source\PSoC5/RCM.c **** *
 102:Generated_Source\PSoC5/RCM.c **** *******************************************************************************/
 103:Generated_Source\PSoC5/RCM.c **** void RCM_WriteMask(uint8 mask) 
 104:Generated_Source\PSoC5/RCM.c **** {
 131              		.loc 1 104 0
 132              		.cfi_startproc
 133              		@ args = 0, pretend = 0, frame = 0
 134              		@ frame_needed = 0, uses_anonymous_args = 0
 135              		@ link register save eliminated.
 136              	.LVL4:
 105:Generated_Source\PSoC5/RCM.c ****     #if(RCM_INPUTS < 8u)
 106:Generated_Source\PSoC5/RCM.c ****     	mask &= ((uint8)(1u << RCM_INPUTS) - 1u);
 107:Generated_Source\PSoC5/RCM.c **** 	#endif /* End RCM_INPUTS < 8u */
 108:Generated_Source\PSoC5/RCM.c ****     RCM_Status_Mask = mask;
 137              		.loc 1 108 0
 138 0000 014B     		ldr	r3, .L11
 139 0002 1870     		strb	r0, [r3]
 140 0004 7047     		bx	lr
 141              	.L12:
 142 0006 00BF     		.align	2
 143              	.L11:
 144 0008 8B640040 		.word	1073767563
 145              		.cfi_endproc
 146              	.LFE3:
 147              		.size	RCM_WriteMask, .-RCM_WriteMask
 148              		.section	.text.RCM_ReadMask,"ax",%progbits
 149              		.align	1
 150              		.global	RCM_ReadMask
 151              		.thumb
 152              		.thumb_func
 153              		.type	RCM_ReadMask, %function
 154              	RCM_ReadMask:
 155              	.LFB4:
 109:Generated_Source\PSoC5/RCM.c **** }
 110:Generated_Source\PSoC5/RCM.c **** 
 111:Generated_Source\PSoC5/RCM.c **** 
 112:Generated_Source\PSoC5/RCM.c **** /*******************************************************************************
 113:Generated_Source\PSoC5/RCM.c **** * Function Name: RCM_ReadMask
 114:Generated_Source\PSoC5/RCM.c **** ********************************************************************************
 115:Generated_Source\PSoC5/RCM.c **** *
 116:Generated_Source\PSoC5/RCM.c **** * Summary:
 117:Generated_Source\PSoC5/RCM.c **** *  Reads the current interrupt mask assigned to the Status Register.
 118:Generated_Source\PSoC5/RCM.c **** *
 119:Generated_Source\PSoC5/RCM.c **** * Parameters:
 120:Generated_Source\PSoC5/RCM.c **** *  None.
 121:Generated_Source\PSoC5/RCM.c **** *
 122:Generated_Source\PSoC5/RCM.c **** * Return:
 123:Generated_Source\PSoC5/RCM.c **** *  The value of the interrupt mask of the Status Register.
 124:Generated_Source\PSoC5/RCM.c **** *
 125:Generated_Source\PSoC5/RCM.c **** *******************************************************************************/
 126:Generated_Source\PSoC5/RCM.c **** uint8 RCM_ReadMask(void) 
 127:Generated_Source\PSoC5/RCM.c **** {
 156              		.loc 1 127 0
ARM GAS  C:\Users\Kiwi\AppData\Local\Temp\ccfiJOdX.s 			page 6


 157              		.cfi_startproc
 158              		@ args = 0, pretend = 0, frame = 0
 159              		@ frame_needed = 0, uses_anonymous_args = 0
 160              		@ link register save eliminated.
 128:Generated_Source\PSoC5/RCM.c ****     return RCM_Status_Mask;
 161              		.loc 1 128 0
 162 0000 014B     		ldr	r3, .L14
 163 0002 1878     		ldrb	r0, [r3]	@ zero_extendqisi2
 129:Generated_Source\PSoC5/RCM.c **** }
 164              		.loc 1 129 0
 165 0004 7047     		bx	lr
 166              	.L15:
 167 0006 00BF     		.align	2
 168              	.L14:
 169 0008 8B640040 		.word	1073767563
 170              		.cfi_endproc
 171              	.LFE4:
 172              		.size	RCM_ReadMask, .-RCM_ReadMask
 173              		.text
 174              	.Letext0:
 175              		.file 2 "Generated_Source\\PSoC5\\cytypes.h"
 176              		.file 3 "Generated_Source\\PSoC5\\CyLib.h"
 177              		.section	.debug_info,"",%progbits
 178              	.Ldebug_info0:
 179 0000 79010000 		.4byte	0x179
 180 0004 0400     		.2byte	0x4
 181 0006 00000000 		.4byte	.Ldebug_abbrev0
 182 000a 04       		.byte	0x4
 183 000b 01       		.uleb128 0x1
 184 000c BC000000 		.4byte	.LASF24
 185 0010 0C       		.byte	0xc
 186 0011 9A000000 		.4byte	.LASF25
 187 0015 7A010000 		.4byte	.LASF26
 188 0019 00000000 		.4byte	.Ldebug_ranges0+0
 189 001d 00000000 		.4byte	0
 190 0021 00000000 		.4byte	.Ldebug_line0
 191 0025 02       		.uleb128 0x2
 192 0026 01       		.byte	0x1
 193 0027 06       		.byte	0x6
 194 0028 C4010000 		.4byte	.LASF0
 195 002c 02       		.uleb128 0x2
 196 002d 01       		.byte	0x1
 197 002e 08       		.byte	0x8
 198 002f 30000000 		.4byte	.LASF1
 199 0033 02       		.uleb128 0x2
 200 0034 02       		.byte	0x2
 201 0035 05       		.byte	0x5
 202 0036 FF010000 		.4byte	.LASF2
 203 003a 02       		.uleb128 0x2
 204 003b 02       		.byte	0x2
 205 003c 07       		.byte	0x7
 206 003d B1010000 		.4byte	.LASF3
 207 0041 02       		.uleb128 0x2
 208 0042 04       		.byte	0x4
 209 0043 05       		.byte	0x5
 210 0044 4A010000 		.4byte	.LASF4
 211 0048 02       		.uleb128 0x2
ARM GAS  C:\Users\Kiwi\AppData\Local\Temp\ccfiJOdX.s 			page 7


 212 0049 04       		.byte	0x4
 213 004a 07       		.byte	0x7
 214 004b 53010000 		.4byte	.LASF5
 215 004f 02       		.uleb128 0x2
 216 0050 08       		.byte	0x8
 217 0051 05       		.byte	0x5
 218 0052 00000000 		.4byte	.LASF6
 219 0056 02       		.uleb128 0x2
 220 0057 08       		.byte	0x8
 221 0058 07       		.byte	0x7
 222 0059 78000000 		.4byte	.LASF7
 223 005d 03       		.uleb128 0x3
 224 005e 04       		.byte	0x4
 225 005f 05       		.byte	0x5
 226 0060 696E7400 		.ascii	"int\000"
 227 0064 02       		.uleb128 0x2
 228 0065 04       		.byte	0x4
 229 0066 07       		.byte	0x7
 230 0067 0E000000 		.4byte	.LASF8
 231 006b 04       		.uleb128 0x4
 232 006c 55000000 		.4byte	.LASF12
 233 0070 02       		.byte	0x2
 234 0071 E901     		.2byte	0x1e9
 235 0073 2C000000 		.4byte	0x2c
 236 0077 02       		.uleb128 0x2
 237 0078 04       		.byte	0x4
 238 0079 04       		.byte	0x4
 239 007a 8F000000 		.4byte	.LASF9
 240 007e 02       		.uleb128 0x2
 241 007f 08       		.byte	0x8
 242 0080 04       		.byte	0x4
 243 0081 65010000 		.4byte	.LASF10
 244 0085 02       		.uleb128 0x2
 245 0086 01       		.byte	0x1
 246 0087 08       		.byte	0x8
 247 0088 B7000000 		.4byte	.LASF11
 248 008c 04       		.uleb128 0x4
 249 008d 09020000 		.4byte	.LASF13
 250 0091 02       		.byte	0x2
 251 0092 9302     		.2byte	0x293
 252 0094 98000000 		.4byte	0x98
 253 0098 05       		.uleb128 0x5
 254 0099 6B000000 		.4byte	0x6b
 255 009d 02       		.uleb128 0x2
 256 009e 08       		.byte	0x8
 257 009f 04       		.byte	0x4
 258 00a0 E6010000 		.4byte	.LASF14
 259 00a4 02       		.uleb128 0x2
 260 00a5 04       		.byte	0x4
 261 00a6 07       		.byte	0x7
 262 00a7 0E020000 		.4byte	.LASF15
 263 00ab 06       		.uleb128 0x6
 264 00ac 5B000000 		.4byte	.LASF20
 265 00b0 01       		.byte	0x1
 266 00b1 25       		.byte	0x25
 267 00b2 6B000000 		.4byte	0x6b
 268 00b6 00000000 		.4byte	.LFB0
ARM GAS  C:\Users\Kiwi\AppData\Local\Temp\ccfiJOdX.s 			page 8


 269 00ba 0C000000 		.4byte	.LFE0-.LFB0
 270 00be 01       		.uleb128 0x1
 271 00bf 9C       		.byte	0x9c
 272 00c0 07       		.uleb128 0x7
 273 00c1 64000000 		.4byte	.LASF16
 274 00c5 01       		.byte	0x1
 275 00c6 39       		.byte	0x39
 276 00c7 00000000 		.4byte	.LFB1
 277 00cb 1C000000 		.4byte	.LFE1-.LFB1
 278 00cf 01       		.uleb128 0x1
 279 00d0 9C       		.byte	0x9c
 280 00d1 F7000000 		.4byte	0xf7
 281 00d5 08       		.uleb128 0x8
 282 00d6 17020000 		.4byte	.LASF18
 283 00da 01       		.byte	0x1
 284 00db 3B       		.byte	0x3b
 285 00dc 6B000000 		.4byte	0x6b
 286 00e0 00000000 		.4byte	.LLST0
 287 00e4 09       		.uleb128 0x9
 288 00e5 06000000 		.4byte	.LVL0
 289 00e9 66010000 		.4byte	0x166
 290 00ed 0A       		.uleb128 0xa
 291 00ee 18000000 		.4byte	.LVL1
 292 00f2 71010000 		.4byte	0x171
 293 00f6 00       		.byte	0
 294 00f7 07       		.uleb128 0x7
 295 00f8 1B000000 		.4byte	.LASF17
 296 00fc 01       		.byte	0x1
 297 00fd 50       		.byte	0x50
 298 00fe 00000000 		.4byte	.LFB2
 299 0102 1C000000 		.4byte	.LFE2-.LFB2
 300 0106 01       		.uleb128 0x1
 301 0107 9C       		.byte	0x9c
 302 0108 2E010000 		.4byte	0x12e
 303 010c 08       		.uleb128 0x8
 304 010d 17020000 		.4byte	.LASF18
 305 0111 01       		.byte	0x1
 306 0112 52       		.byte	0x52
 307 0113 6B000000 		.4byte	0x6b
 308 0117 13000000 		.4byte	.LLST1
 309 011b 09       		.uleb128 0x9
 310 011c 06000000 		.4byte	.LVL2
 311 0120 66010000 		.4byte	0x166
 312 0124 0A       		.uleb128 0xa
 313 0125 18000000 		.4byte	.LVL3
 314 0129 71010000 		.4byte	0x171
 315 012d 00       		.byte	0
 316 012e 07       		.uleb128 0x7
 317 012f 6C010000 		.4byte	.LASF19
 318 0133 01       		.byte	0x1
 319 0134 67       		.byte	0x67
 320 0135 00000000 		.4byte	.LFB3
 321 0139 0C000000 		.4byte	.LFE3-.LFB3
 322 013d 01       		.uleb128 0x1
 323 013e 9C       		.byte	0x9c
 324 013f 51010000 		.4byte	0x151
 325 0143 0B       		.uleb128 0xb
ARM GAS  C:\Users\Kiwi\AppData\Local\Temp\ccfiJOdX.s 			page 9


 326 0144 95000000 		.4byte	.LASF27
 327 0148 01       		.byte	0x1
 328 0149 67       		.byte	0x67
 329 014a 6B000000 		.4byte	0x6b
 330 014e 01       		.uleb128 0x1
 331 014f 50       		.byte	0x50
 332 0150 00       		.byte	0
 333 0151 06       		.uleb128 0x6
 334 0152 F2010000 		.4byte	.LASF21
 335 0156 01       		.byte	0x1
 336 0157 7E       		.byte	0x7e
 337 0158 6B000000 		.4byte	0x6b
 338 015c 00000000 		.4byte	.LFB4
 339 0160 0C000000 		.4byte	.LFE4-.LFB4
 340 0164 01       		.uleb128 0x1
 341 0165 9C       		.byte	0x9c
 342 0166 0C       		.uleb128 0xc
 343 0167 3E000000 		.4byte	.LASF22
 344 016b 3E000000 		.4byte	.LASF22
 345 016f 03       		.byte	0x3
 346 0170 7D       		.byte	0x7d
 347 0171 0C       		.uleb128 0xc
 348 0172 D0010000 		.4byte	.LASF23
 349 0176 D0010000 		.4byte	.LASF23
 350 017a 03       		.byte	0x3
 351 017b 7E       		.byte	0x7e
 352 017c 00       		.byte	0
 353              		.section	.debug_abbrev,"",%progbits
 354              	.Ldebug_abbrev0:
 355 0000 01       		.uleb128 0x1
 356 0001 11       		.uleb128 0x11
 357 0002 01       		.byte	0x1
 358 0003 25       		.uleb128 0x25
 359 0004 0E       		.uleb128 0xe
 360 0005 13       		.uleb128 0x13
 361 0006 0B       		.uleb128 0xb
 362 0007 03       		.uleb128 0x3
 363 0008 0E       		.uleb128 0xe
 364 0009 1B       		.uleb128 0x1b
 365 000a 0E       		.uleb128 0xe
 366 000b 55       		.uleb128 0x55
 367 000c 17       		.uleb128 0x17
 368 000d 11       		.uleb128 0x11
 369 000e 01       		.uleb128 0x1
 370 000f 10       		.uleb128 0x10
 371 0010 17       		.uleb128 0x17
 372 0011 00       		.byte	0
 373 0012 00       		.byte	0
 374 0013 02       		.uleb128 0x2
 375 0014 24       		.uleb128 0x24
 376 0015 00       		.byte	0
 377 0016 0B       		.uleb128 0xb
 378 0017 0B       		.uleb128 0xb
 379 0018 3E       		.uleb128 0x3e
 380 0019 0B       		.uleb128 0xb
 381 001a 03       		.uleb128 0x3
 382 001b 0E       		.uleb128 0xe
ARM GAS  C:\Users\Kiwi\AppData\Local\Temp\ccfiJOdX.s 			page 10


 383 001c 00       		.byte	0
 384 001d 00       		.byte	0
 385 001e 03       		.uleb128 0x3
 386 001f 24       		.uleb128 0x24
 387 0020 00       		.byte	0
 388 0021 0B       		.uleb128 0xb
 389 0022 0B       		.uleb128 0xb
 390 0023 3E       		.uleb128 0x3e
 391 0024 0B       		.uleb128 0xb
 392 0025 03       		.uleb128 0x3
 393 0026 08       		.uleb128 0x8
 394 0027 00       		.byte	0
 395 0028 00       		.byte	0
 396 0029 04       		.uleb128 0x4
 397 002a 16       		.uleb128 0x16
 398 002b 00       		.byte	0
 399 002c 03       		.uleb128 0x3
 400 002d 0E       		.uleb128 0xe
 401 002e 3A       		.uleb128 0x3a
 402 002f 0B       		.uleb128 0xb
 403 0030 3B       		.uleb128 0x3b
 404 0031 05       		.uleb128 0x5
 405 0032 49       		.uleb128 0x49
 406 0033 13       		.uleb128 0x13
 407 0034 00       		.byte	0
 408 0035 00       		.byte	0
 409 0036 05       		.uleb128 0x5
 410 0037 35       		.uleb128 0x35
 411 0038 00       		.byte	0
 412 0039 49       		.uleb128 0x49
 413 003a 13       		.uleb128 0x13
 414 003b 00       		.byte	0
 415 003c 00       		.byte	0
 416 003d 06       		.uleb128 0x6
 417 003e 2E       		.uleb128 0x2e
 418 003f 00       		.byte	0
 419 0040 3F       		.uleb128 0x3f
 420 0041 19       		.uleb128 0x19
 421 0042 03       		.uleb128 0x3
 422 0043 0E       		.uleb128 0xe
 423 0044 3A       		.uleb128 0x3a
 424 0045 0B       		.uleb128 0xb
 425 0046 3B       		.uleb128 0x3b
 426 0047 0B       		.uleb128 0xb
 427 0048 27       		.uleb128 0x27
 428 0049 19       		.uleb128 0x19
 429 004a 49       		.uleb128 0x49
 430 004b 13       		.uleb128 0x13
 431 004c 11       		.uleb128 0x11
 432 004d 01       		.uleb128 0x1
 433 004e 12       		.uleb128 0x12
 434 004f 06       		.uleb128 0x6
 435 0050 40       		.uleb128 0x40
 436 0051 18       		.uleb128 0x18
 437 0052 9742     		.uleb128 0x2117
 438 0054 19       		.uleb128 0x19
 439 0055 00       		.byte	0
ARM GAS  C:\Users\Kiwi\AppData\Local\Temp\ccfiJOdX.s 			page 11


 440 0056 00       		.byte	0
 441 0057 07       		.uleb128 0x7
 442 0058 2E       		.uleb128 0x2e
 443 0059 01       		.byte	0x1
 444 005a 3F       		.uleb128 0x3f
 445 005b 19       		.uleb128 0x19
 446 005c 03       		.uleb128 0x3
 447 005d 0E       		.uleb128 0xe
 448 005e 3A       		.uleb128 0x3a
 449 005f 0B       		.uleb128 0xb
 450 0060 3B       		.uleb128 0x3b
 451 0061 0B       		.uleb128 0xb
 452 0062 27       		.uleb128 0x27
 453 0063 19       		.uleb128 0x19
 454 0064 11       		.uleb128 0x11
 455 0065 01       		.uleb128 0x1
 456 0066 12       		.uleb128 0x12
 457 0067 06       		.uleb128 0x6
 458 0068 40       		.uleb128 0x40
 459 0069 18       		.uleb128 0x18
 460 006a 9742     		.uleb128 0x2117
 461 006c 19       		.uleb128 0x19
 462 006d 01       		.uleb128 0x1
 463 006e 13       		.uleb128 0x13
 464 006f 00       		.byte	0
 465 0070 00       		.byte	0
 466 0071 08       		.uleb128 0x8
 467 0072 34       		.uleb128 0x34
 468 0073 00       		.byte	0
 469 0074 03       		.uleb128 0x3
 470 0075 0E       		.uleb128 0xe
 471 0076 3A       		.uleb128 0x3a
 472 0077 0B       		.uleb128 0xb
 473 0078 3B       		.uleb128 0x3b
 474 0079 0B       		.uleb128 0xb
 475 007a 49       		.uleb128 0x49
 476 007b 13       		.uleb128 0x13
 477 007c 02       		.uleb128 0x2
 478 007d 17       		.uleb128 0x17
 479 007e 00       		.byte	0
 480 007f 00       		.byte	0
 481 0080 09       		.uleb128 0x9
 482 0081 898201   		.uleb128 0x4109
 483 0084 00       		.byte	0
 484 0085 11       		.uleb128 0x11
 485 0086 01       		.uleb128 0x1
 486 0087 31       		.uleb128 0x31
 487 0088 13       		.uleb128 0x13
 488 0089 00       		.byte	0
 489 008a 00       		.byte	0
 490 008b 0A       		.uleb128 0xa
 491 008c 898201   		.uleb128 0x4109
 492 008f 00       		.byte	0
 493 0090 11       		.uleb128 0x11
 494 0091 01       		.uleb128 0x1
 495 0092 9542     		.uleb128 0x2115
 496 0094 19       		.uleb128 0x19
ARM GAS  C:\Users\Kiwi\AppData\Local\Temp\ccfiJOdX.s 			page 12


 497 0095 31       		.uleb128 0x31
 498 0096 13       		.uleb128 0x13
 499 0097 00       		.byte	0
 500 0098 00       		.byte	0
 501 0099 0B       		.uleb128 0xb
 502 009a 05       		.uleb128 0x5
 503 009b 00       		.byte	0
 504 009c 03       		.uleb128 0x3
 505 009d 0E       		.uleb128 0xe
 506 009e 3A       		.uleb128 0x3a
 507 009f 0B       		.uleb128 0xb
 508 00a0 3B       		.uleb128 0x3b
 509 00a1 0B       		.uleb128 0xb
 510 00a2 49       		.uleb128 0x49
 511 00a3 13       		.uleb128 0x13
 512 00a4 02       		.uleb128 0x2
 513 00a5 18       		.uleb128 0x18
 514 00a6 00       		.byte	0
 515 00a7 00       		.byte	0
 516 00a8 0C       		.uleb128 0xc
 517 00a9 2E       		.uleb128 0x2e
 518 00aa 00       		.byte	0
 519 00ab 3F       		.uleb128 0x3f
 520 00ac 19       		.uleb128 0x19
 521 00ad 3C       		.uleb128 0x3c
 522 00ae 19       		.uleb128 0x19
 523 00af 6E       		.uleb128 0x6e
 524 00b0 0E       		.uleb128 0xe
 525 00b1 03       		.uleb128 0x3
 526 00b2 0E       		.uleb128 0xe
 527 00b3 3A       		.uleb128 0x3a
 528 00b4 0B       		.uleb128 0xb
 529 00b5 3B       		.uleb128 0x3b
 530 00b6 0B       		.uleb128 0xb
 531 00b7 00       		.byte	0
 532 00b8 00       		.byte	0
 533 00b9 00       		.byte	0
 534              		.section	.debug_loc,"",%progbits
 535              	.Ldebug_loc0:
 536              	.LLST0:
 537 0000 06000000 		.4byte	.LVL0
 538 0004 17000000 		.4byte	.LVL1-1
 539 0008 0100     		.2byte	0x1
 540 000a 50       		.byte	0x50
 541 000b 00000000 		.4byte	0
 542 000f 00000000 		.4byte	0
 543              	.LLST1:
 544 0013 06000000 		.4byte	.LVL2
 545 0017 17000000 		.4byte	.LVL3-1
 546 001b 0100     		.2byte	0x1
 547 001d 50       		.byte	0x50
 548 001e 00000000 		.4byte	0
 549 0022 00000000 		.4byte	0
 550              		.section	.debug_aranges,"",%progbits
 551 0000 3C000000 		.4byte	0x3c
 552 0004 0200     		.2byte	0x2
 553 0006 00000000 		.4byte	.Ldebug_info0
ARM GAS  C:\Users\Kiwi\AppData\Local\Temp\ccfiJOdX.s 			page 13


 554 000a 04       		.byte	0x4
 555 000b 00       		.byte	0
 556 000c 0000     		.2byte	0
 557 000e 0000     		.2byte	0
 558 0010 00000000 		.4byte	.LFB0
 559 0014 0C000000 		.4byte	.LFE0-.LFB0
 560 0018 00000000 		.4byte	.LFB1
 561 001c 1C000000 		.4byte	.LFE1-.LFB1
 562 0020 00000000 		.4byte	.LFB2
 563 0024 1C000000 		.4byte	.LFE2-.LFB2
 564 0028 00000000 		.4byte	.LFB3
 565 002c 0C000000 		.4byte	.LFE3-.LFB3
 566 0030 00000000 		.4byte	.LFB4
 567 0034 0C000000 		.4byte	.LFE4-.LFB4
 568 0038 00000000 		.4byte	0
 569 003c 00000000 		.4byte	0
 570              		.section	.debug_ranges,"",%progbits
 571              	.Ldebug_ranges0:
 572 0000 00000000 		.4byte	.LFB0
 573 0004 0C000000 		.4byte	.LFE0
 574 0008 00000000 		.4byte	.LFB1
 575 000c 1C000000 		.4byte	.LFE1
 576 0010 00000000 		.4byte	.LFB2
 577 0014 1C000000 		.4byte	.LFE2
 578 0018 00000000 		.4byte	.LFB3
 579 001c 0C000000 		.4byte	.LFE3
 580 0020 00000000 		.4byte	.LFB4
 581 0024 0C000000 		.4byte	.LFE4
 582 0028 00000000 		.4byte	0
 583 002c 00000000 		.4byte	0
 584              		.section	.debug_line,"",%progbits
 585              	.Ldebug_line0:
 586 0000 AC000000 		.section	.debug_str,"MS",%progbits,1
 586      02004B00 
 586      00000201 
 586      FB0E0D00 
 586      01010101 
 587              	.LASF6:
 588 0000 6C6F6E67 		.ascii	"long long int\000"
 588      206C6F6E 
 588      6720696E 
 588      7400
 589              	.LASF8:
 590 000e 756E7369 		.ascii	"unsigned int\000"
 590      676E6564 
 590      20696E74 
 590      00
 591              	.LASF17:
 592 001b 52434D5F 		.ascii	"RCM_InterruptDisable\000"
 592      496E7465 
 592      72727570 
 592      74446973 
 592      61626C65 
 593              	.LASF1:
 594 0030 756E7369 		.ascii	"unsigned char\000"
 594      676E6564 
 594      20636861 
ARM GAS  C:\Users\Kiwi\AppData\Local\Temp\ccfiJOdX.s 			page 14


 594      7200
 595              	.LASF22:
 596 003e 4379456E 		.ascii	"CyEnterCriticalSection\000"
 596      74657243 
 596      72697469 
 596      63616C53 
 596      65637469 
 597              	.LASF12:
 598 0055 75696E74 		.ascii	"uint8\000"
 598      3800
 599              	.LASF20:
 600 005b 52434D5F 		.ascii	"RCM_Read\000"
 600      52656164 
 600      00
 601              	.LASF16:
 602 0064 52434D5F 		.ascii	"RCM_InterruptEnable\000"
 602      496E7465 
 602      72727570 
 602      74456E61 
 602      626C6500 
 603              	.LASF7:
 604 0078 6C6F6E67 		.ascii	"long long unsigned int\000"
 604      206C6F6E 
 604      6720756E 
 604      7369676E 
 604      65642069 
 605              	.LASF9:
 606 008f 666C6F61 		.ascii	"float\000"
 606      7400
 607              	.LASF27:
 608 0095 6D61736B 		.ascii	"mask\000"
 608      00
 609              	.LASF25:
 610 009a 47656E65 		.ascii	"Generated_Source\\PSoC5\\RCM.c\000"
 610      72617465 
 610      645F536F 
 610      75726365 
 610      5C50536F 
 611              	.LASF11:
 612 00b7 63686172 		.ascii	"char\000"
 612      00
 613              	.LASF24:
 614 00bc 474E5520 		.ascii	"GNU C11 5.4.1 20160609 (release) [ARM/embedded-5-br"
 614      43313120 
 614      352E342E 
 614      31203230 
 614      31363036 
 615 00ef 616E6368 		.ascii	"anch revision 237715] -mcpu=cortex-m3 -mthumb -g -O"
 615      20726576 
 615      6973696F 
 615      6E203233 
 615      37373135 
 616 0122 73202D66 		.ascii	"s -ffunction-sections -ffat-lto-objects\000"
 616      66756E63 
 616      74696F6E 
 616      2D736563 
 616      74696F6E 
ARM GAS  C:\Users\Kiwi\AppData\Local\Temp\ccfiJOdX.s 			page 15


 617              	.LASF4:
 618 014a 6C6F6E67 		.ascii	"long int\000"
 618      20696E74 
 618      00
 619              	.LASF5:
 620 0153 6C6F6E67 		.ascii	"long unsigned int\000"
 620      20756E73 
 620      69676E65 
 620      6420696E 
 620      7400
 621              	.LASF10:
 622 0165 646F7562 		.ascii	"double\000"
 622      6C6500
 623              	.LASF19:
 624 016c 52434D5F 		.ascii	"RCM_WriteMask\000"
 624      57726974 
 624      654D6173 
 624      6B00
 625              	.LASF26:
 626 017a 433A5C55 		.ascii	"C:\\Users\\Kiwi\\Documents\\PSoC Creator\\DTR-1 v2 "
 626      73657273 
 626      5C4B6977 
 626      695C446F 
 626      63756D65 
 627 01a8 48572E63 		.ascii	"HW.cydsn\000"
 627      7964736E 
 627      00
 628              	.LASF3:
 629 01b1 73686F72 		.ascii	"short unsigned int\000"
 629      7420756E 
 629      7369676E 
 629      65642069 
 629      6E7400
 630              	.LASF0:
 631 01c4 7369676E 		.ascii	"signed char\000"
 631      65642063 
 631      68617200 
 632              	.LASF23:
 633 01d0 43794578 		.ascii	"CyExitCriticalSection\000"
 633      69744372 
 633      69746963 
 633      616C5365 
 633      6374696F 
 634              	.LASF14:
 635 01e6 6C6F6E67 		.ascii	"long double\000"
 635      20646F75 
 635      626C6500 
 636              	.LASF21:
 637 01f2 52434D5F 		.ascii	"RCM_ReadMask\000"
 637      52656164 
 637      4D61736B 
 637      00
 638              	.LASF2:
 639 01ff 73686F72 		.ascii	"short int\000"
 639      7420696E 
 639      7400
 640              	.LASF13:
ARM GAS  C:\Users\Kiwi\AppData\Local\Temp\ccfiJOdX.s 			page 16


 641 0209 72656738 		.ascii	"reg8\000"
 641      00
 642              	.LASF15:
 643 020e 73697A65 		.ascii	"sizetype\000"
 643      74797065 
 643      00
 644              	.LASF18:
 645 0217 696E7465 		.ascii	"interruptState\000"
 645      72727570 
 645      74537461 
 645      746500
 646              		.ident	"GCC: (GNU Tools for ARM Embedded Processors) 5.4.1 20160609 (release) [ARM/embedded-5-bran
